// Jest Snapshot v1, https://goo.gl/fbAQLP

exports[`CreateUser should match the snapshot 1`] = `
ShallowWrapper {
  "length": 1,
  Symbol(enzyme.__root__): [Circular],
  Symbol(enzyme.__unrendered__): <CreateUser />,
  Symbol(enzyme.__renderer__): Object {
    "batchedUpdates": [Function],
    "getNode": [Function],
    "render": [Function],
    "simulateEvent": [Function],
    "unmount": [Function],
  },
  Symbol(enzyme.__node__): Object {
    "instance": null,
    "key": undefined,
    "nodeType": "host",
    "props": Object {
      "children": <div
        className="create-user-form-wrapper"
>
        <form
                onSubmit={[Function]}
        >
                <span
                        className=""
                >
                        Create User
                </span>
                <div
                        className="wrap-input top"
                >
                        <input
                                name="name"
                                onChange={[Function]}
                                placeholder="ex. John Smith"
                                type="text"
                                value=""
                        />
                </div>
                <div
                        className="wrap-input"
                >
                        <input
                                name="email"
                                onChange={[Function]}
                                placeholder="ex. Jsmith@gmail.com"
                                type="text"
                                value=""
                        />
                </div>
                <div
                        className="wrap-input bottom"
                >
                        <input
                                name="password"
                                onChange={[Function]}
                                placeholder="PASSWORD"
                                type="text"
                                value=""
                        />
                </div>
                <button>
                        SIGN-UP
                </button>
        </form>
</div>,
      "className": "create-user-container d-flex",
    },
    "ref": null,
    "rendered": Object {
      "instance": null,
      "key": undefined,
      "nodeType": "host",
      "props": Object {
        "children": <form
          onSubmit={[Function]}
>
          <span
                    className=""
          >
                    Create User
          </span>
          <div
                    className="wrap-input top"
          >
                    <input
                              name="name"
                              onChange={[Function]}
                              placeholder="ex. John Smith"
                              type="text"
                              value=""
                    />
          </div>
          <div
                    className="wrap-input"
          >
                    <input
                              name="email"
                              onChange={[Function]}
                              placeholder="ex. Jsmith@gmail.com"
                              type="text"
                              value=""
                    />
          </div>
          <div
                    className="wrap-input bottom"
          >
                    <input
                              name="password"
                              onChange={[Function]}
                              placeholder="PASSWORD"
                              type="text"
                              value=""
                    />
          </div>
          <button>
                    SIGN-UP
          </button>
</form>,
        "className": "create-user-form-wrapper",
      },
      "ref": null,
      "rendered": Object {
        "instance": null,
        "key": undefined,
        "nodeType": "host",
        "props": Object {
          "children": Array [
            <span
              className=""
>
              Create User
</span>,
            undefined,
            undefined,
            <div
              className="wrap-input top"
>
              <input
                            name="name"
                            onChange={[Function]}
                            placeholder="ex. John Smith"
                            type="text"
                            value=""
              />
</div>,
            <div
              className="wrap-input"
>
              <input
                            name="email"
                            onChange={[Function]}
                            placeholder="ex. Jsmith@gmail.com"
                            type="text"
                            value=""
              />
</div>,
            <div
              className="wrap-input bottom"
>
              <input
                            name="password"
                            onChange={[Function]}
                            placeholder="PASSWORD"
                            type="text"
                            value=""
              />
</div>,
            <button>
              SIGN-UP
</button>,
          ],
          "onSubmit": [Function],
        },
        "ref": null,
        "rendered": Array [
          Object {
            "instance": null,
            "key": undefined,
            "nodeType": "host",
            "props": Object {
              "children": "Create User",
              "className": "",
            },
            "ref": null,
            "rendered": "Create User",
            "type": "span",
          },
          undefined,
          undefined,
          Object {
            "instance": null,
            "key": undefined,
            "nodeType": "host",
            "props": Object {
              "children": <input
                name="name"
                onChange={[Function]}
                placeholder="ex. John Smith"
                type="text"
                value=""
/>,
              "className": "wrap-input top",
            },
            "ref": null,
            "rendered": Object {
              "instance": null,
              "key": undefined,
              "nodeType": "host",
              "props": Object {
                "name": "name",
                "onChange": [Function],
                "placeholder": "ex. John Smith",
                "type": "text",
                "value": "",
              },
              "ref": null,
              "rendered": null,
              "type": "input",
            },
            "type": "div",
          },
          Object {
            "instance": null,
            "key": undefined,
            "nodeType": "host",
            "props": Object {
              "children": <input
                name="email"
                onChange={[Function]}
                placeholder="ex. Jsmith@gmail.com"
                type="text"
                value=""
/>,
              "className": "wrap-input",
            },
            "ref": null,
            "rendered": Object {
              "instance": null,
              "key": undefined,
              "nodeType": "host",
              "props": Object {
                "name": "email",
                "onChange": [Function],
                "placeholder": "ex. Jsmith@gmail.com",
                "type": "text",
                "value": "",
              },
              "ref": null,
              "rendered": null,
              "type": "input",
            },
            "type": "div",
          },
          Object {
            "instance": null,
            "key": undefined,
            "nodeType": "host",
            "props": Object {
              "children": <input
                name="password"
                onChange={[Function]}
                placeholder="PASSWORD"
                type="text"
                value=""
/>,
              "className": "wrap-input bottom",
            },
            "ref": null,
            "rendered": Object {
              "instance": null,
              "key": undefined,
              "nodeType": "host",
              "props": Object {
                "name": "password",
                "onChange": [Function],
                "placeholder": "PASSWORD",
                "type": "text",
                "value": "",
              },
              "ref": null,
              "rendered": null,
              "type": "input",
            },
            "type": "div",
          },
          Object {
            "instance": null,
            "key": undefined,
            "nodeType": "host",
            "props": Object {
              "children": "SIGN-UP",
            },
            "ref": null,
            "rendered": "SIGN-UP",
            "type": "button",
          },
        ],
        "type": "form",
      },
      "type": "div",
    },
    "type": "div",
  },
  Symbol(enzyme.__nodes__): Array [
    Object {
      "instance": null,
      "key": undefined,
      "nodeType": "host",
      "props": Object {
        "children": <div
          className="create-user-form-wrapper"
>
          <form
                    onSubmit={[Function]}
          >
                    <span
                              className=""
                    >
                              Create User
                    </span>
                    <div
                              className="wrap-input top"
                    >
                              <input
                                        name="name"
                                        onChange={[Function]}
                                        placeholder="ex. John Smith"
                                        type="text"
                                        value=""
                              />
                    </div>
                    <div
                              className="wrap-input"
                    >
                              <input
                                        name="email"
                                        onChange={[Function]}
                                        placeholder="ex. Jsmith@gmail.com"
                                        type="text"
                                        value=""
                              />
                    </div>
                    <div
                              className="wrap-input bottom"
                    >
                              <input
                                        name="password"
                                        onChange={[Function]}
                                        placeholder="PASSWORD"
                                        type="text"
                                        value=""
                              />
                    </div>
                    <button>
                              SIGN-UP
                    </button>
          </form>
</div>,
        "className": "create-user-container d-flex",
      },
      "ref": null,
      "rendered": Object {
        "instance": null,
        "key": undefined,
        "nodeType": "host",
        "props": Object {
          "children": <form
            onSubmit={[Function]}
>
            <span
                        className=""
            >
                        Create User
            </span>
            <div
                        className="wrap-input top"
            >
                        <input
                                    name="name"
                                    onChange={[Function]}
                                    placeholder="ex. John Smith"
                                    type="text"
                                    value=""
                        />
            </div>
            <div
                        className="wrap-input"
            >
                        <input
                                    name="email"
                                    onChange={[Function]}
                                    placeholder="ex. Jsmith@gmail.com"
                                    type="text"
                                    value=""
                        />
            </div>
            <div
                        className="wrap-input bottom"
            >
                        <input
                                    name="password"
                                    onChange={[Function]}
                                    placeholder="PASSWORD"
                                    type="text"
                                    value=""
                        />
            </div>
            <button>
                        SIGN-UP
            </button>
</form>,
          "className": "create-user-form-wrapper",
        },
        "ref": null,
        "rendered": Object {
          "instance": null,
          "key": undefined,
          "nodeType": "host",
          "props": Object {
            "children": Array [
              <span
                className=""
>
                Create User
</span>,
              undefined,
              undefined,
              <div
                className="wrap-input top"
>
                <input
                                name="name"
                                onChange={[Function]}
                                placeholder="ex. John Smith"
                                type="text"
                                value=""
                />
</div>,
              <div
                className="wrap-input"
>
                <input
                                name="email"
                                onChange={[Function]}
                                placeholder="ex. Jsmith@gmail.com"
                                type="text"
                                value=""
                />
</div>,
              <div
                className="wrap-input bottom"
>
                <input
                                name="password"
                                onChange={[Function]}
                                placeholder="PASSWORD"
                                type="text"
                                value=""
                />
</div>,
              <button>
                SIGN-UP
</button>,
            ],
            "onSubmit": [Function],
          },
          "ref": null,
          "rendered": Array [
            Object {
              "instance": null,
              "key": undefined,
              "nodeType": "host",
              "props": Object {
                "children": "Create User",
                "className": "",
              },
              "ref": null,
              "rendered": "Create User",
              "type": "span",
            },
            undefined,
            undefined,
            Object {
              "instance": null,
              "key": undefined,
              "nodeType": "host",
              "props": Object {
                "children": <input
                  name="name"
                  onChange={[Function]}
                  placeholder="ex. John Smith"
                  type="text"
                  value=""
/>,
                "className": "wrap-input top",
              },
              "ref": null,
              "rendered": Object {
                "instance": null,
                "key": undefined,
                "nodeType": "host",
                "props": Object {
                  "name": "name",
                  "onChange": [Function],
                  "placeholder": "ex. John Smith",
                  "type": "text",
                  "value": "",
                },
                "ref": null,
                "rendered": null,
                "type": "input",
              },
              "type": "div",
            },
            Object {
              "instance": null,
              "key": undefined,
              "nodeType": "host",
              "props": Object {
                "children": <input
                  name="email"
                  onChange={[Function]}
                  placeholder="ex. Jsmith@gmail.com"
                  type="text"
                  value=""
/>,
                "className": "wrap-input",
              },
              "ref": null,
              "rendered": Object {
                "instance": null,
                "key": undefined,
                "nodeType": "host",
                "props": Object {
                  "name": "email",
                  "onChange": [Function],
                  "placeholder": "ex. Jsmith@gmail.com",
                  "type": "text",
                  "value": "",
                },
                "ref": null,
                "rendered": null,
                "type": "input",
              },
              "type": "div",
            },
            Object {
              "instance": null,
              "key": undefined,
              "nodeType": "host",
              "props": Object {
                "children": <input
                  name="password"
                  onChange={[Function]}
                  placeholder="PASSWORD"
                  type="text"
                  value=""
/>,
                "className": "wrap-input bottom",
              },
              "ref": null,
              "rendered": Object {
                "instance": null,
                "key": undefined,
                "nodeType": "host",
                "props": Object {
                  "name": "password",
                  "onChange": [Function],
                  "placeholder": "PASSWORD",
                  "type": "text",
                  "value": "",
                },
                "ref": null,
                "rendered": null,
                "type": "input",
              },
              "type": "div",
            },
            Object {
              "instance": null,
              "key": undefined,
              "nodeType": "host",
              "props": Object {
                "children": "SIGN-UP",
              },
              "ref": null,
              "rendered": "SIGN-UP",
              "type": "button",
            },
          ],
          "type": "form",
        },
        "type": "div",
      },
      "type": "div",
    },
  ],
  Symbol(enzyme.__options__): Object {
    "adapter": ReactSixteenAdapter {
      "options": Object {
        "enableComponentDidUpdateOnSetState": true,
      },
    },
  },
}
`;
